<html>
<body>
<pre>
<h1>�Vision Build Log</h1>
<h2>Tool Versions:</h2>
IDE-Version: ��Vision V5.41.0.0
Copyright (C) 2024 ARM Ltd and ARM Germany GmbH. All rights reserved.
License Information: 1 GEFEI, 1, LIC=EXJT4-FSZK5-HL0CL-0X1FP-L72GU-00R42
 
Tool Versions:
Toolchain:       MDK-ARM Plus  Version: 5.41.0.0
Toolchain Path:  D:\Software\Keil\keil_Core\ARM\ARMCC\Bin
C Compiler:      Armcc.exe V5.06 update 7 (build 960)
Assembler:       Armasm.exe V5.06 update 7 (build 960)
Linker/Locator:  ArmLink.exe V5.06 update 7 (build 960)
Library Manager: ArmAr.exe V5.06 update 7 (build 960)
Hex Converter:   FromElf.exe V5.06 update 7 (build 960)
CPU DLL:         SARMCM3.DLL V5.41.0.0
Dialog DLL:      DCM.DLL V1.17.5.0
Target DLL:      STLink\ST-LINKIII-KEIL_SWO.dll V3.3.0.0
Dialog DLL:      TCM.DLL V1.56.4.0
 
<h2>Project:</h2>
D:\Embedded\STM32\HAL Jiangxie TechnologySTM32\STM32_HAL_Library_Code\38_Window_Watchdog\MDK-ARM\38_Window_Watchdog.uvprojx
Project File Date:  05/02/2026

<h2>Output:</h2>
*** Using Compiler 'V5.06 update 7 (build 960)', folder: 'D:\Software\Keil\keil_Core\ARM\ARMCC\Bin'
Build target '38_Window_Watchdog'
assembling startup_stm32f103xb.s...
compiling gpio.c...
compiling stm32f1xx_hal_rcc_ex.c...
compiling stm32f1xx_hal_msp.c...
compiling stm32f1xx_hal_pwr.c...
compiling stm32f1xx_hal_cortex.c...
compiling stm32f1xx_hal_gpio_ex.c...
compiling stm32f1xx_hal_flash.c...
compiling wwdg.c...
compiling stm32f1xx_hal_dma.c...
compiling stm32f1xx_hal_gpio.c...
compiling main.c...
compiling stm32f1xx_it.c...
compiling stm32f1xx_hal_wwdg.c...
compiling stm32f1xx_hal.c...
compiling stm32f1xx_hal_rcc.c...
compiling system_stm32f1xx.c...
compiling stm32f1xx_hal_exti.c...
compiling stm32f1xx_hal_flash_ex.c...
compiling OLED.c...
..\Drivers\OLED\OLED.c(19): warning:  #188-D: enumerated type mixed with another type
  	OLED_W_SCL(1);
..\Drivers\OLED\OLED.c(20): warning:  #188-D: enumerated type mixed with another type
  	OLED_W_SDA(1);
..\Drivers\OLED\OLED.c(30): warning:  #188-D: enumerated type mixed with another type
  	OLED_W_SDA(1);
..\Drivers\OLED\OLED.c(31): warning:  #188-D: enumerated type mixed with another type
  	OLED_W_SCL(1);
..\Drivers\OLED\OLED.c(32): warning:  #188-D: enumerated type mixed with another type
  	OLED_W_SDA(0);
..\Drivers\OLED\OLED.c(33): warning:  #188-D: enumerated type mixed with another type
  	OLED_W_SCL(0);
..\Drivers\OLED\OLED.c(43): warning:  #188-D: enumerated type mixed with another type
  	OLED_W_SDA(0);
..\Drivers\OLED\OLED.c(44): warning:  #188-D: enumerated type mixed with another type
  	OLED_W_SCL(1);
..\Drivers\OLED\OLED.c(45): warning:  #188-D: enumerated type mixed with another type
  	OLED_W_SDA(1);
..\Drivers\OLED\OLED.c(58): warning:  #188-D: enumerated type mixed with another type
  		OLED_W_SDA(!!(Byte & (0x80 >> i)));
..\Drivers\OLED\OLED.c(59): warning:  #188-D: enumerated type mixed with another type
  		OLED_W_SCL(1);
..\Drivers\OLED\OLED.c(60): warning:  #188-D: enumerated type mixed with another type
  		OLED_W_SCL(0);
..\Drivers\OLED\OLED.c(62): warning:  #188-D: enumerated type mixed with another type
  	OLED_W_SCL(1);	//额外的一个时钟，不处理应答信�?
..\Drivers\OLED\OLED.c(63): warning:  #188-D: enumerated type mixed with another type
  	OLED_W_SCL(0);
..\Drivers\OLED\OLED.c: 14 warnings, 0 errors
linking...
Program Size: Code=2276 RO-data=304 RW-data=16 ZI-data=1656  
FromELF: creating hex file...
"38_Window_Watchdog\38_Window_Watchdog.axf" - 0 Error(s), 14 Warning(s).

<h2>Software Packages used:</h2>

Package Vendor: ARM
                https://www.keil.com/pack/ARM.CMSIS.6.1.0.pack
                ARM::CMSIS@6.1.0
                CMSIS (Common Microcontroller Software Interface Standard)
   * Component: CORE Version: 6.1.0

Package Vendor: Keil
                http://www.keil.com/pack/Keil.STM32F1xx_DFP.2.2.0.pack
                Keil::STM32F1xx_DFP@2.2.0
                STMicroelectronics STM32F1 Series Device Support, Drivers and Examples

<h2>Collection of Component include folders:</h2>
  ./RTE/_38_Window_Watchdog
  D:/Software/Keil/keil_Core/PACK/ARM/CMSIS/6.1.0/CMSIS/Core/Include
  D:/Software/Keil/keil_Core/PACK/Keil/STM32F1xx_DFP/2.2.0/Device/Include

<h2>Collection of Component Files used:</h2>

   * Component: ARM::CMSIS:CORE@6.1.0
      Include file:  CMSIS/Core/Include/tz_context.h
Build Time Elapsed:  00:00:04
</pre>
</body>
</html>
